Creating test database for alias 'default'...

..
----------------------------------------------------------------------
Ran 2 tests in 0.053s

OK
Destroying test database for alias 'default'...

Found 2 test(s).
System check identified no issues (0 silenced).
